com\cursos\api\springsecuritycourse\config\security\SecurityBeansInjector.class
com\cursos\api\springsecuritycourse\exception\ObjectNotFoundException.class
com\cursos\api\springsecuritycourse\service\impl\RoleServiceImpl.class
com\cursos\api\springsecuritycourse\dto\SavePermission.class
com\cursos\api\springsecuritycourse\persistence\entity\security\Role.class
com\cursos\api\springsecuritycourse\persistence\repository\ProductRepository.class
com\cursos\api\springsecuritycourse\controller\CustomerController.class
com\cursos\api\springsecuritycourse\SpringSecurityCourseApplication.class
com\cursos\api\springsecuritycourse\persistence\util\RolePermissionEnum.class
com\cursos\api\springsecuritycourse\dto\RegisteredUser.class
com\cursos\api\springsecuritycourse\persistence\repository\security\RoleRepository.class
com\cursos\api\springsecuritycourse\controller\ProductController.class
com\cursos\api\springsecuritycourse\persistence\entity\security\Operation.class
com\cursos\api\springsecuritycourse\dto\ShowPermission.class
com\cursos\api\springsecuritycourse\service\impl\ProductServiceImpl.class
com\cursos\api\springsecuritycourse\exception\InvalidPasswordException.class
com\cursos\api\springsecuritycourse\dto\SaveUser.class
com\cursos\api\springsecuritycourse\persistence\repository\CategoryRepository.class
com\cursos\api\springsecuritycourse\config\security\filter\JwtAuthenticationFilter.class
com\cursos\api\springsecuritycourse\controller\CategoryController.class
com\cursos\api\springsecuritycourse\persistence\entity\Product.class
com\cursos\api\springsecuritycourse\dto\ApiError.class
com\cursos\api\springsecuritycourse\service\auth\JwtService.class
com\cursos\api\springsecuritycourse\persistence\entity\security\Module.class
com\cursos\api\springsecuritycourse\service\ProductService.class
com\cursos\api\springsecuritycourse\service\CategoryService.class
com\cursos\api\springsecuritycourse\persistence\entity\Product$ProductStatus.class
com\cursos\api\springsecuritycourse\config\security\authorization\CustomAuthorizationManager.class
com\cursos\api\springsecuritycourse\persistence\entity\Category.class
com\cursos\api\springsecuritycourse\persistence\util\RoleEnum.class
com\cursos\api\springsecuritycourse\service\impl\UserServiceImpl.class
com\cursos\api\springsecuritycourse\config\security\handler\CustomAccessDeniedHandler.class
com\cursos\api\springsecuritycourse\config\security\HttpSecurityConfig.class
com\cursos\api\springsecuritycourse\service\impl\CategoryServiceImpl.class
com\cursos\api\springsecuritycourse\exception\GlobalExceptionHandler.class
com\cursos\api\springsecuritycourse\persistence\repository\security\UserRepository.class
com\cursos\api\springsecuritycourse\dto\SaveProduct.class
com\cursos\api\springsecuritycourse\service\RoleService.class
com\cursos\api\springsecuritycourse\persistence\entity\security\User.class
com\cursos\api\springsecuritycourse\controller\AuthenticationController.class
com\cursos\api\springsecuritycourse\service\auth\AuthenticationService.class
com\cursos\api\springsecuritycourse\service\UserService.class
com\cursos\api\springsecuritycourse\dto\SaveCategory.class
com\cursos\api\springsecuritycourse\service\impl\PermissionServiceImpl.class
com\cursos\api\springsecuritycourse\dto\auth\AuthenticationRequest.class
com\cursos\api\springsecuritycourse\persistence\repository\security\OperationRepository.class
com\cursos\api\springsecuritycourse\persistence\entity\security\GrantedPermission.class
com\cursos\api\springsecuritycourse\persistence\repository\security\PermissionRepository.class
com\cursos\api\springsecuritycourse\config\security\handler\CustomAuthenticationEntryPoint.class
com\cursos\api\springsecuritycourse\service\PermissionService.class
com\cursos\api\springsecuritycourse\persistence\entity\Category$CategoryStatus.class
com\cursos\api\springsecuritycourse\controller\PermissionController.class
com\cursos\api\springsecuritycourse\dto\auth\AuthenticationResponse.class
