C:\Users\rasta\OneDrive\Documentos\Java_C\springSecurity\SpringSecurity\src\main\java\com\cursos\api\springsecuritycourse\dto\SaveUser.java
C:\Users\rasta\OneDrive\Documentos\Java_C\springSecurity\SpringSecurity\src\main\java\com\cursos\api\springsecuritycourse\persistence\repository\security\RoleRepository.java
C:\Users\rasta\OneDrive\Documentos\Java_C\springSecurity\SpringSecurity\src\main\java\com\cursos\api\springsecuritycourse\persistence\repository\security\UserRepository.java
C:\Users\rasta\OneDrive\Documentos\Java_C\springSecurity\SpringSecurity\src\main\java\com\cursos\api\springsecuritycourse\dto\RegisteredUser.java
C:\Users\rasta\OneDrive\Documentos\Java_C\springSecurity\SpringSecurity\src\main\java\com\cursos\api\springsecuritycourse\persistence\entity\security\GrantedPermission.java
C:\Users\rasta\OneDrive\Documentos\Java_C\springSecurity\SpringSecurity\src\main\java\com\cursos\api\springsecuritycourse\dto\ApiError.java
C:\Users\rasta\OneDrive\Documentos\Java_C\springSecurity\SpringSecurity\src\main\java\com\cursos\api\springsecuritycourse\service\CategoryService.java
C:\Users\rasta\OneDrive\Documentos\Java_C\springSecurity\SpringSecurity\src\main\java\com\cursos\api\springsecuritycourse\service\RoleService.java
C:\Users\rasta\OneDrive\Documentos\Java_C\springSecurity\SpringSecurity\src\main\java\com\cursos\api\springsecuritycourse\persistence\repository\CategoryRepository.java
C:\Users\rasta\OneDrive\Documentos\Java_C\springSecurity\SpringSecurity\src\main\java\com\cursos\api\springsecuritycourse\persistence\repository\security\PermissionRepository.java
C:\Users\rasta\OneDrive\Documentos\Java_C\springSecurity\SpringSecurity\src\main\java\com\cursos\api\springsecuritycourse\service\auth\AuthenticationService.java
C:\Users\rasta\OneDrive\Documentos\Java_C\springSecurity\SpringSecurity\src\main\java\com\cursos\api\springsecuritycourse\exception\ObjectNotFoundException.java
C:\Users\rasta\OneDrive\Documentos\Java_C\springSecurity\SpringSecurity\src\main\java\com\cursos\api\springsecuritycourse\service\impl\CategoryServiceImpl.java
C:\Users\rasta\OneDrive\Documentos\Java_C\springSecurity\SpringSecurity\src\main\java\com\cursos\api\springsecuritycourse\exception\GlobalExceptionHandler.java
C:\Users\rasta\OneDrive\Documentos\Java_C\springSecurity\SpringSecurity\src\main\java\com\cursos\api\springsecuritycourse\service\ProductService.java
C:\Users\rasta\OneDrive\Documentos\Java_C\springSecurity\SpringSecurity\src\main\java\com\cursos\api\springsecuritycourse\dto\auth\AuthenticationRequest.java
C:\Users\rasta\OneDrive\Documentos\Java_C\springSecurity\SpringSecurity\src\main\java\com\cursos\api\springsecuritycourse\config\security\SecurityBeansInjector.java
C:\Users\rasta\OneDrive\Documentos\Java_C\springSecurity\SpringSecurity\src\main\java\com\cursos\api\springsecuritycourse\persistence\util\RoleEnum.java
C:\Users\rasta\OneDrive\Documentos\Java_C\springSecurity\SpringSecurity\src\main\java\com\cursos\api\springsecuritycourse\dto\SaveCategory.java
C:\Users\rasta\OneDrive\Documentos\Java_C\springSecurity\SpringSecurity\src\main\java\com\cursos\api\springsecuritycourse\persistence\util\RolePermissionEnum.java
C:\Users\rasta\OneDrive\Documentos\Java_C\springSecurity\SpringSecurity\src\main\java\com\cursos\api\springsecuritycourse\persistence\entity\security\Role.java
C:\Users\rasta\OneDrive\Documentos\Java_C\springSecurity\SpringSecurity\src\main\java\com\cursos\api\springsecuritycourse\controller\AuthenticationController.java
C:\Users\rasta\OneDrive\Documentos\Java_C\springSecurity\SpringSecurity\src\main\java\com\cursos\api\springsecuritycourse\controller\PermissionController.java
C:\Users\rasta\OneDrive\Documentos\Java_C\springSecurity\SpringSecurity\src\main\java\com\cursos\api\springsecuritycourse\persistence\entity\security\User.java
C:\Users\rasta\OneDrive\Documentos\Java_C\springSecurity\SpringSecurity\src\main\java\com\cursos\api\springsecuritycourse\controller\CustomerController.java
C:\Users\rasta\OneDrive\Documentos\Java_C\springSecurity\SpringSecurity\src\main\java\com\cursos\api\springsecuritycourse\controller\ProductController.java
C:\Users\rasta\OneDrive\Documentos\Java_C\springSecurity\SpringSecurity\src\main\java\com\cursos\api\springsecuritycourse\dto\SaveProduct.java
C:\Users\rasta\OneDrive\Documentos\Java_C\springSecurity\SpringSecurity\src\main\java\com\cursos\api\springsecuritycourse\persistence\entity\Category.java
C:\Users\rasta\OneDrive\Documentos\Java_C\springSecurity\SpringSecurity\src\main\java\com\cursos\api\springsecuritycourse\config\security\filter\JwtAuthenticationFilter.java
C:\Users\rasta\OneDrive\Documentos\Java_C\springSecurity\SpringSecurity\src\main\java\com\cursos\api\springsecuritycourse\config\security\HttpSecurityConfig.java
C:\Users\rasta\OneDrive\Documentos\Java_C\springSecurity\SpringSecurity\src\main\java\com\cursos\api\springsecuritycourse\controller\CategoryController.java
C:\Users\rasta\OneDrive\Documentos\Java_C\springSecurity\SpringSecurity\src\main\java\com\cursos\api\springsecuritycourse\dto\SavePermission.java
C:\Users\rasta\OneDrive\Documentos\Java_C\springSecurity\SpringSecurity\src\main\java\com\cursos\api\springsecuritycourse\service\auth\JwtService.java
C:\Users\rasta\OneDrive\Documentos\Java_C\springSecurity\SpringSecurity\src\main\java\com\cursos\api\springsecuritycourse\dto\auth\AuthenticationResponse.java
C:\Users\rasta\OneDrive\Documentos\Java_C\springSecurity\SpringSecurity\src\main\java\com\cursos\api\springsecuritycourse\service\impl\ProductServiceImpl.java
C:\Users\rasta\OneDrive\Documentos\Java_C\springSecurity\SpringSecurity\src\main\java\com\cursos\api\springsecuritycourse\exception\InvalidPasswordException.java
C:\Users\rasta\OneDrive\Documentos\Java_C\springSecurity\SpringSecurity\src\main\java\com\cursos\api\springsecuritycourse\config\security\authorization\CustomAuthorizationManager.java
C:\Users\rasta\OneDrive\Documentos\Java_C\springSecurity\SpringSecurity\src\main\java\com\cursos\api\springsecuritycourse\service\impl\UserServiceImpl.java
C:\Users\rasta\OneDrive\Documentos\Java_C\springSecurity\SpringSecurity\src\main\java\com\cursos\api\springsecuritycourse\service\impl\RoleServiceImpl.java
C:\Users\rasta\OneDrive\Documentos\Java_C\springSecurity\SpringSecurity\src\main\java\com\cursos\api\springsecuritycourse\persistence\repository\ProductRepository.java
C:\Users\rasta\OneDrive\Documentos\Java_C\springSecurity\SpringSecurity\src\main\java\com\cursos\api\springsecuritycourse\dto\ShowPermission.java
C:\Users\rasta\OneDrive\Documentos\Java_C\springSecurity\SpringSecurity\src\main\java\com\cursos\api\springsecuritycourse\config\security\handler\CustomAuthenticationEntryPoint.java
C:\Users\rasta\OneDrive\Documentos\Java_C\springSecurity\SpringSecurity\src\main\java\com\cursos\api\springsecuritycourse\persistence\entity\security\Module.java
C:\Users\rasta\OneDrive\Documentos\Java_C\springSecurity\SpringSecurity\src\main\java\com\cursos\api\springsecuritycourse\persistence\entity\security\Operation.java
C:\Users\rasta\OneDrive\Documentos\Java_C\springSecurity\SpringSecurity\src\main\java\com\cursos\api\springsecuritycourse\service\impl\PermissionServiceImpl.java
C:\Users\rasta\OneDrive\Documentos\Java_C\springSecurity\SpringSecurity\src\main\java\com\cursos\api\springsecuritycourse\config\security\handler\CustomAccessDeniedHandler.java
C:\Users\rasta\OneDrive\Documentos\Java_C\springSecurity\SpringSecurity\src\main\java\com\cursos\api\springsecuritycourse\persistence\entity\Product.java
C:\Users\rasta\OneDrive\Documentos\Java_C\springSecurity\SpringSecurity\src\main\java\com\cursos\api\springsecuritycourse\persistence\repository\security\OperationRepository.java
C:\Users\rasta\OneDrive\Documentos\Java_C\springSecurity\SpringSecurity\src\main\java\com\cursos\api\springsecuritycourse\service\PermissionService.java
C:\Users\rasta\OneDrive\Documentos\Java_C\springSecurity\SpringSecurity\src\main\java\com\cursos\api\springsecuritycourse\service\UserService.java
C:\Users\rasta\OneDrive\Documentos\Java_C\springSecurity\SpringSecurity\src\main\java\com\cursos\api\springsecuritycourse\SpringSecurityCourseApplication.java
